Archive member included because of file (symbol)

c:/program files (x86)/atmel/avr studio 5.1/extensions/atmel/avrgcc/3.3.1.27/avrtoolchain/bin/../lib/gcc/avr/4.5.1/../../../../avr/lib/avr5\libm.a(divsf3.o)
                              temperature motor controlling.o (__divsf3)
c:/program files (x86)/atmel/avr studio 5.1/extensions/atmel/avrgcc/3.3.1.27/avrtoolchain/bin/../lib/gcc/avr/4.5.1/../../../../avr/lib/avr5\libm.a(divsf3x.o)
                              c:/program files (x86)/atmel/avr studio 5.1/extensions/atmel/avrgcc/3.3.1.27/avrtoolchain/bin/../lib/gcc/avr/4.5.1/../../../../avr/lib/avr5\libm.a(divsf3.o) (__divsf3x)
c:/program files (x86)/atmel/avr studio 5.1/extensions/atmel/avrgcc/3.3.1.27/avrtoolchain/bin/../lib/gcc/avr/4.5.1/../../../../avr/lib/avr5\libm.a(fixunssfsi.o)
                              temperature motor controlling.o (__fixunssfsi)
c:/program files (x86)/atmel/avr studio 5.1/extensions/atmel/avrgcc/3.3.1.27/avrtoolchain/bin/../lib/gcc/avr/4.5.1/../../../../avr/lib/avr5\libm.a(floatsisf.o)
                              temperature motor controlling.o (__floatunsisf)
c:/program files (x86)/atmel/avr studio 5.1/extensions/atmel/avrgcc/3.3.1.27/avrtoolchain/bin/../lib/gcc/avr/4.5.1/../../../../avr/lib/avr5\libm.a(fp_inf.o)
                              c:/program files (x86)/atmel/avr studio 5.1/extensions/atmel/avrgcc/3.3.1.27/avrtoolchain/bin/../lib/gcc/avr/4.5.1/../../../../avr/lib/avr5\libm.a(divsf3x.o) (__fp_inf)
c:/program files (x86)/atmel/avr studio 5.1/extensions/atmel/avrgcc/3.3.1.27/avrtoolchain/bin/../lib/gcc/avr/4.5.1/../../../../avr/lib/avr5\libm.a(fp_nan.o)
                              c:/program files (x86)/atmel/avr studio 5.1/extensions/atmel/avrgcc/3.3.1.27/avrtoolchain/bin/../lib/gcc/avr/4.5.1/../../../../avr/lib/avr5\libm.a(divsf3x.o) (__fp_nan)
c:/program files (x86)/atmel/avr studio 5.1/extensions/atmel/avrgcc/3.3.1.27/avrtoolchain/bin/../lib/gcc/avr/4.5.1/../../../../avr/lib/avr5\libm.a(fp_pscA.o)
                              c:/program files (x86)/atmel/avr studio 5.1/extensions/atmel/avrgcc/3.3.1.27/avrtoolchain/bin/../lib/gcc/avr/4.5.1/../../../../avr/lib/avr5\libm.a(divsf3x.o) (__fp_pscA)
c:/program files (x86)/atmel/avr studio 5.1/extensions/atmel/avrgcc/3.3.1.27/avrtoolchain/bin/../lib/gcc/avr/4.5.1/../../../../avr/lib/avr5\libm.a(fp_pscB.o)
                              c:/program files (x86)/atmel/avr studio 5.1/extensions/atmel/avrgcc/3.3.1.27/avrtoolchain/bin/../lib/gcc/avr/4.5.1/../../../../avr/lib/avr5\libm.a(divsf3x.o) (__fp_pscB)
c:/program files (x86)/atmel/avr studio 5.1/extensions/atmel/avrgcc/3.3.1.27/avrtoolchain/bin/../lib/gcc/avr/4.5.1/../../../../avr/lib/avr5\libm.a(fp_round.o)
                              c:/program files (x86)/atmel/avr studio 5.1/extensions/atmel/avrgcc/3.3.1.27/avrtoolchain/bin/../lib/gcc/avr/4.5.1/../../../../avr/lib/avr5\libm.a(divsf3.o) (__fp_round)
c:/program files (x86)/atmel/avr studio 5.1/extensions/atmel/avrgcc/3.3.1.27/avrtoolchain/bin/../lib/gcc/avr/4.5.1/../../../../avr/lib/avr5\libm.a(fp_split3.o)
                              c:/program files (x86)/atmel/avr studio 5.1/extensions/atmel/avrgcc/3.3.1.27/avrtoolchain/bin/../lib/gcc/avr/4.5.1/../../../../avr/lib/avr5\libm.a(divsf3x.o) (__fp_split3)
c:/program files (x86)/atmel/avr studio 5.1/extensions/atmel/avrgcc/3.3.1.27/avrtoolchain/bin/../lib/gcc/avr/4.5.1/../../../../avr/lib/avr5\libm.a(fp_zero.o)
                              c:/program files (x86)/atmel/avr studio 5.1/extensions/atmel/avrgcc/3.3.1.27/avrtoolchain/bin/../lib/gcc/avr/4.5.1/../../../../avr/lib/avr5\libm.a(fixunssfsi.o) (__fp_zero)
c:/program files (x86)/atmel/avr studio 5.1/extensions/atmel/avrgcc/3.3.1.27/avrtoolchain/bin/../lib/gcc/avr/4.5.1/avr5\libgcc.a(_umulhisi3.o)
                              temperature motor controlling.o (__umulhisi3)
c:/program files (x86)/atmel/avr studio 5.1/extensions/atmel/avrgcc/3.3.1.27/avrtoolchain/bin/../lib/gcc/avr/4.5.1/avr5\libgcc.a(_exit.o)
                              c:/program files (x86)/atmel/avr studio 5.1/extensions/atmel/avrgcc/3.3.1.27/avrtoolchain/bin/../lib/gcc/avr/4.5.1/../../../../avr/lib/avr5/crtm16.o (exit)
c:/program files (x86)/atmel/avr studio 5.1/extensions/atmel/avrgcc/3.3.1.27/avrtoolchain/bin/../lib/gcc/avr/4.5.1/avr5\libgcc.a(_copy_data.o)
                              temperature motor controlling.o (__do_copy_data)
c:/program files (x86)/atmel/avr studio 5.1/extensions/atmel/avrgcc/3.3.1.27/avrtoolchain/bin/../lib/gcc/avr/4.5.1/../../../../avr/lib/avr5\libc.a(itoa.o)
                              my_lcd.o (itoa)
c:/program files (x86)/atmel/avr studio 5.1/extensions/atmel/avrgcc/3.3.1.27/avrtoolchain/bin/../lib/gcc/avr/4.5.1/../../../../avr/lib/avr5\libc.a(strrev.o)
                              c:/program files (x86)/atmel/avr studio 5.1/extensions/atmel/avrgcc/3.3.1.27/avrtoolchain/bin/../lib/gcc/avr/4.5.1/../../../../avr/lib/avr5\libc.a(itoa.o) (strrev)
c:/program files (x86)/atmel/avr studio 5.1/extensions/atmel/avrgcc/3.3.1.27/avrtoolchain/bin/../lib/gcc/avr/4.5.1/avr5\libgcc.a(_udivmodhi4.o)
                              c:/program files (x86)/atmel/avr studio 5.1/extensions/atmel/avrgcc/3.3.1.27/avrtoolchain/bin/../lib/gcc/avr/4.5.1/../../../../avr/lib/avr5\libc.a(itoa.o) (__udivmodhi4)

Memory Configuration

Name             Origin             Length             Attributes
text             0x00000000         0x00020000         xr
data             0x00800060         0x0000ffa0         rw !x
eeprom           0x00810000         0x00010000         rw !x
fuse             0x00820000         0x00000400         rw !x
lock             0x00830000         0x00000400         rw !x
signature        0x00840000         0x00000400         rw !x
*default*        0x00000000         0xffffffff

Linker script and memory map

LOAD c:/program files (x86)/atmel/avr studio 5.1/extensions/atmel/avrgcc/3.3.1.27/avrtoolchain/bin/../lib/gcc/avr/4.5.1/../../../../avr/lib/avr5/crtm16.o
LOAD ADC.o
LOAD my_lcd.o
LOAD temperature motor controlling.o
LOAD c:/program files (x86)/atmel/avr studio 5.1/extensions/atmel/avrgcc/3.3.1.27/avrtoolchain/bin/../lib/gcc/avr/4.5.1/../../../../avr/lib/avr5\libm.a
LOAD c:/program files (x86)/atmel/avr studio 5.1/extensions/atmel/avrgcc/3.3.1.27/avrtoolchain/bin/../lib/gcc/avr/4.5.1/avr5\libgcc.a
LOAD c:/program files (x86)/atmel/avr studio 5.1/extensions/atmel/avrgcc/3.3.1.27/avrtoolchain/bin/../lib/gcc/avr/4.5.1/../../../../avr/lib/avr5\libc.a
LOAD c:/program files (x86)/atmel/avr studio 5.1/extensions/atmel/avrgcc/3.3.1.27/avrtoolchain/bin/../lib/gcc/avr/4.5.1/avr5\libgcc.a

.hash
 *(.hash)

.dynsym
 *(.dynsym)

.dynstr
 *(.dynstr)

.gnu.version
 *(.gnu.version)

.gnu.version_d
 *(.gnu.version_d)

.gnu.version_r
 *(.gnu.version_r)

.rel.init
 *(.rel.init)

.rela.init
 *(.rela.init)

.rel.text
 *(.rel.text)
 *(.rel.text.*)
 *(.rel.gnu.linkonce.t*)

.rela.text
 *(.rela.text)
 *(.rela.text.*)
 *(.rela.gnu.linkonce.t*)

.rel.fini
 *(.rel.fini)

.rela.fini
 *(.rela.fini)

.rel.rodata
 *(.rel.rodata)
 *(.rel.rodata.*)
 *(.rel.gnu.linkonce.r*)

.rela.rodata
 *(.rela.rodata)
 *(.rela.rodata.*)
 *(.rela.gnu.linkonce.r*)

.rel.data
 *(.rel.data)
 *(.rel.data.*)
 *(.rel.gnu.linkonce.d*)

.rela.data
 *(.rela.data)
 *(.rela.data.*)
 *(.rela.gnu.linkonce.d*)

.rel.ctors
 *(.rel.ctors)

.rela.ctors
 *(.rela.ctors)

.rel.dtors
 *(.rel.dtors)

.rela.dtors
 *(.rela.dtors)

.rel.got
 *(.rel.got)

.rela.got
 *(.rela.got)

.rel.bss
 *(.rel.bss)

.rela.bss
 *(.rela.bss)

.rel.plt
 *(.rel.plt)

.rela.plt
 *(.rela.plt)

.text           0x00000000      0x68a
 *(.vectors)
 .vectors       0x00000000       0x54 c:/program files (x86)/atmel/avr studio 5.1/extensions/atmel/avrgcc/3.3.1.27/avrtoolchain/bin/../lib/gcc/avr/4.5.1/../../../../avr/lib/avr5/crtm16.o
                0x00000000                __vector_default
                0x00000000                __vectors
 *(.vectors)
 *(.progmem.gcc*)
 *(.progmem*)
                0x00000054                . = ALIGN (0x2)
                0x00000054                __trampolines_start = .
 *(.trampolines)
 .trampolines   0x00000054        0x0 linker stubs
 *(.trampolines*)
                0x00000054                __trampolines_end = .
 *(.jumptables)
 *(.jumptables*)
 *(.lowtext)
 *(.lowtext*)
                0x00000054                __ctors_start = .
 *(.ctors)
                0x00000054                __ctors_end = .
                0x00000054                __dtors_start = .
 *(.dtors)
                0x00000054                __dtors_end = .
 SORT(*)(.ctors)
 SORT(*)(.dtors)
 *(.init0)
 .init0         0x00000054        0x0 c:/program files (x86)/atmel/avr studio 5.1/extensions/atmel/avrgcc/3.3.1.27/avrtoolchain/bin/../lib/gcc/avr/4.5.1/../../../../avr/lib/avr5/crtm16.o
                0x00000054                __init
 *(.init0)
 *(.init1)
 *(.init1)
 *(.init2)
 .init2         0x00000054        0xc c:/program files (x86)/atmel/avr studio 5.1/extensions/atmel/avrgcc/3.3.1.27/avrtoolchain/bin/../lib/gcc/avr/4.5.1/../../../../avr/lib/avr5/crtm16.o
 *(.init2)
 *(.init3)
 *(.init3)
 *(.init4)
 .init4         0x00000060       0x16 c:/program files (x86)/atmel/avr studio 5.1/extensions/atmel/avrgcc/3.3.1.27/avrtoolchain/bin/../lib/gcc/avr/4.5.1/avr5\libgcc.a(_copy_data.o)
                0x00000060                __do_copy_data
 *(.init4)
 *(.init5)
 *(.init5)
 *(.init6)
 *(.init6)
 *(.init7)
 *(.init7)
 *(.init8)
 *(.init8)
 *(.init9)
 .init9         0x00000076        0x8 c:/program files (x86)/atmel/avr studio 5.1/extensions/atmel/avrgcc/3.3.1.27/avrtoolchain/bin/../lib/gcc/avr/4.5.1/../../../../avr/lib/avr5/crtm16.o
 *(.init9)
 *(.text)
 .text          0x0000007e        0x4 c:/program files (x86)/atmel/avr studio 5.1/extensions/atmel/avrgcc/3.3.1.27/avrtoolchain/bin/../lib/gcc/avr/4.5.1/../../../../avr/lib/avr5/crtm16.o
                0x0000007e                __vector_1
                0x0000007e                __vector_12
                0x0000007e                __bad_interrupt
                0x0000007e                __vector_6
                0x0000007e                __vector_3
                0x0000007e                __vector_11
                0x0000007e                __vector_13
                0x0000007e                __vector_17
                0x0000007e                __vector_19
                0x0000007e                __vector_7
                0x0000007e                __vector_5
                0x0000007e                __vector_4
                0x0000007e                __vector_9
                0x0000007e                __vector_2
                0x0000007e                __vector_15
                0x0000007e                __vector_8
                0x0000007e                __vector_14
                0x0000007e                __vector_10
                0x0000007e                __vector_16
                0x0000007e                __vector_18
                0x0000007e                __vector_20
 .text          0x00000082       0x28 ADC.o
                0x00000082                ADC_INIT
                0x0000008c                ADC_ReadChannel
 .text          0x000000aa      0x16a my_lcd.o
                0x000000aa                lcd_sendcommand
                0x000000e6                lcd_init
                0x00000104                lcd_displaycharacter
                0x00000140                lcd_displaystring
                0x0000016a                lcd_gotorowcolumn
                0x000001a0                lcd_display_strindinlocation
                0x000001b6                lcd_displaycharacterat
                0x000001c8                lcd_clear_screen
                0x000001d0                lcd_inttostr
 .text          0x00000214      0x186 temperature motor controlling.o
                0x00000214                TMR0_PWM
                0x00000220                main
 .text          0x0000039a        0x0 c:/program files (x86)/atmel/avr studio 5.1/extensions/atmel/avrgcc/3.3.1.27/avrtoolchain/bin/../lib/gcc/avr/4.5.1/../../../../avr/lib/avr5\libm.a(divsf3.o)
 .text          0x0000039a        0x0 c:/program files (x86)/atmel/avr studio 5.1/extensions/atmel/avrgcc/3.3.1.27/avrtoolchain/bin/../lib/gcc/avr/4.5.1/../../../../avr/lib/avr5\libm.a(divsf3x.o)
 .text          0x0000039a        0x0 c:/program files (x86)/atmel/avr studio 5.1/extensions/atmel/avrgcc/3.3.1.27/avrtoolchain/bin/../lib/gcc/avr/4.5.1/../../../../avr/lib/avr5\libm.a(fixunssfsi.o)
 .text          0x0000039a        0x0 c:/program files (x86)/atmel/avr studio 5.1/extensions/atmel/avrgcc/3.3.1.27/avrtoolchain/bin/../lib/gcc/avr/4.5.1/../../../../avr/lib/avr5\libm.a(floatsisf.o)
 .text          0x0000039a        0x0 c:/program files (x86)/atmel/avr studio 5.1/extensions/atmel/avrgcc/3.3.1.27/avrtoolchain/bin/../lib/gcc/avr/4.5.1/../../../../avr/lib/avr5\libm.a(fp_inf.o)
 .text          0x0000039a        0x0 c:/program files (x86)/atmel/avr studio 5.1/extensions/atmel/avrgcc/3.3.1.27/avrtoolchain/bin/../lib/gcc/avr/4.5.1/../../../../avr/lib/avr5\libm.a(fp_nan.o)
 .text          0x0000039a        0x0 c:/program files (x86)/atmel/avr studio 5.1/extensions/atmel/avrgcc/3.3.1.27/avrtoolchain/bin/../lib/gcc/avr/4.5.1/../../../../avr/lib/avr5\libm.a(fp_pscA.o)
 .text          0x0000039a        0x0 c:/program files (x86)/atmel/avr studio 5.1/extensions/atmel/avrgcc/3.3.1.27/avrtoolchain/bin/../lib/gcc/avr/4.5.1/../../../../avr/lib/avr5\libm.a(fp_pscB.o)
 .text          0x0000039a        0x0 c:/program files (x86)/atmel/avr studio 5.1/extensions/atmel/avrgcc/3.3.1.27/avrtoolchain/bin/../lib/gcc/avr/4.5.1/../../../../avr/lib/avr5\libm.a(fp_round.o)
 .text          0x0000039a        0x0 c:/program files (x86)/atmel/avr studio 5.1/extensions/atmel/avrgcc/3.3.1.27/avrtoolchain/bin/../lib/gcc/avr/4.5.1/../../../../avr/lib/avr5\libm.a(fp_split3.o)
 .text          0x0000039a        0x0 c:/program files (x86)/atmel/avr studio 5.1/extensions/atmel/avrgcc/3.3.1.27/avrtoolchain/bin/../lib/gcc/avr/4.5.1/../../../../avr/lib/avr5\libm.a(fp_zero.o)
 .text          0x0000039a        0x0 c:/program files (x86)/atmel/avr studio 5.1/extensions/atmel/avrgcc/3.3.1.27/avrtoolchain/bin/../lib/gcc/avr/4.5.1/avr5\libgcc.a(_umulhisi3.o)
 .text          0x0000039a        0x0 c:/program files (x86)/atmel/avr studio 5.1/extensions/atmel/avrgcc/3.3.1.27/avrtoolchain/bin/../lib/gcc/avr/4.5.1/avr5\libgcc.a(_exit.o)
 .text          0x0000039a        0x0 c:/program files (x86)/atmel/avr studio 5.1/extensions/atmel/avrgcc/3.3.1.27/avrtoolchain/bin/../lib/gcc/avr/4.5.1/avr5\libgcc.a(_copy_data.o)
 .text          0x0000039a        0x0 c:/program files (x86)/atmel/avr studio 5.1/extensions/atmel/avrgcc/3.3.1.27/avrtoolchain/bin/../lib/gcc/avr/4.5.1/../../../../avr/lib/avr5\libc.a(itoa.o)
 .text          0x0000039a        0x0 c:/program files (x86)/atmel/avr studio 5.1/extensions/atmel/avrgcc/3.3.1.27/avrtoolchain/bin/../lib/gcc/avr/4.5.1/../../../../avr/lib/avr5\libc.a(strrev.o)
 .text          0x0000039a        0x0 c:/program files (x86)/atmel/avr studio 5.1/extensions/atmel/avrgcc/3.3.1.27/avrtoolchain/bin/../lib/gcc/avr/4.5.1/avr5\libgcc.a(_udivmodhi4.o)
                0x0000039a                . = ALIGN (0x2)
 *(.text.*)
 .text.avr-libc.fplib
                0x0000039a        0x4 c:/program files (x86)/atmel/avr studio 5.1/extensions/atmel/avrgcc/3.3.1.27/avrtoolchain/bin/../lib/gcc/avr/4.5.1/../../../../avr/lib/avr5\libm.a(divsf3.o)
                0x0000039a                __divsf3
 .text.avr-libc.fplib
                0x0000039e       0xcc c:/program files (x86)/atmel/avr studio 5.1/extensions/atmel/avrgcc/3.3.1.27/avrtoolchain/bin/../lib/gcc/avr/4.5.1/../../../../avr/lib/avr5\libm.a(divsf3x.o)
                0x000003b4                __divsf3x
                0x000003b8                __divsf3_pse
 .text.avr-libc.fplib
                0x0000046a       0x58 c:/program files (x86)/atmel/avr studio 5.1/extensions/atmel/avrgcc/3.3.1.27/avrtoolchain/bin/../lib/gcc/avr/4.5.1/../../../../avr/lib/avr5\libm.a(fixunssfsi.o)
                0x0000046a                __fixunssfsi
 .text.avr-libc.fplib
                0x000004c2       0x7a c:/program files (x86)/atmel/avr studio 5.1/extensions/atmel/avrgcc/3.3.1.27/avrtoolchain/bin/../lib/gcc/avr/4.5.1/../../../../avr/lib/avr5\libm.a(floatsisf.o)
                0x000004c2                __floatunsisf
                0x000004c6                __floatsisf
 .text.avr-libc.fplib
                0x0000053c        0xc c:/program files (x86)/atmel/avr studio 5.1/extensions/atmel/avrgcc/3.3.1.27/avrtoolchain/bin/../lib/gcc/avr/4.5.1/../../../../avr/lib/avr5\libm.a(fp_inf.o)
                0x0000053c                __fp_inf
 .text.avr-libc.fplib
                0x00000548        0x6 c:/program files (x86)/atmel/avr studio 5.1/extensions/atmel/avrgcc/3.3.1.27/avrtoolchain/bin/../lib/gcc/avr/4.5.1/../../../../avr/lib/avr5\libm.a(fp_nan.o)
                0x00000548                __fp_nan
 .text.avr-libc.fplib
                0x0000054e        0xe c:/program files (x86)/atmel/avr studio 5.1/extensions/atmel/avrgcc/3.3.1.27/avrtoolchain/bin/../lib/gcc/avr/4.5.1/../../../../avr/lib/avr5\libm.a(fp_pscA.o)
                0x0000054e                __fp_pscA
 .text.avr-libc.fplib
                0x0000055c        0xe c:/program files (x86)/atmel/avr studio 5.1/extensions/atmel/avrgcc/3.3.1.27/avrtoolchain/bin/../lib/gcc/avr/4.5.1/../../../../avr/lib/avr5\libm.a(fp_pscB.o)
                0x0000055c                __fp_pscB
 .text.avr-libc.fplib
                0x0000056a       0x22 c:/program files (x86)/atmel/avr studio 5.1/extensions/atmel/avrgcc/3.3.1.27/avrtoolchain/bin/../lib/gcc/avr/4.5.1/../../../../avr/lib/avr5\libm.a(fp_round.o)
                0x0000056a                __fp_round
 .text.avr-libc.fplib
                0x0000058c       0x44 c:/program files (x86)/atmel/avr studio 5.1/extensions/atmel/avrgcc/3.3.1.27/avrtoolchain/bin/../lib/gcc/avr/4.5.1/../../../../avr/lib/avr5\libm.a(fp_split3.o)
                0x0000058c                __fp_split3
                0x0000059c                __fp_splitA
 .text.avr-libc.fplib
                0x000005d0        0xe c:/program files (x86)/atmel/avr studio 5.1/extensions/atmel/avrgcc/3.3.1.27/avrtoolchain/bin/../lib/gcc/avr/4.5.1/../../../../avr/lib/avr5\libm.a(fp_zero.o)
                0x000005d0                __fp_zero
                0x000005d2                __fp_szero
 .text.libgcc   0x000005de       0x1e c:/program files (x86)/atmel/avr studio 5.1/extensions/atmel/avrgcc/3.3.1.27/avrtoolchain/bin/../lib/gcc/avr/4.5.1/avr5\libgcc.a(_umulhisi3.o)
                0x000005de                __umulhisi3
 .text.libgcc   0x000005fc        0x0 c:/program files (x86)/atmel/avr studio 5.1/extensions/atmel/avrgcc/3.3.1.27/avrtoolchain/bin/../lib/gcc/avr/4.5.1/avr5\libgcc.a(_exit.o)
 .text.libgcc   0x000005fc        0x0 c:/program files (x86)/atmel/avr studio 5.1/extensions/atmel/avrgcc/3.3.1.27/avrtoolchain/bin/../lib/gcc/avr/4.5.1/avr5\libgcc.a(_copy_data.o)
 .text.avr-libc
                0x000005fc       0x42 c:/program files (x86)/atmel/avr studio 5.1/extensions/atmel/avrgcc/3.3.1.27/avrtoolchain/bin/../lib/gcc/avr/4.5.1/../../../../avr/lib/avr5\libc.a(itoa.o)
                0x000005fc                itoa
 .text.avr-libc
                0x0000063e       0x20 c:/program files (x86)/atmel/avr studio 5.1/extensions/atmel/avrgcc/3.3.1.27/avrtoolchain/bin/../lib/gcc/avr/4.5.1/../../../../avr/lib/avr5\libc.a(strrev.o)
                0x0000063e                strrev
 .text.libgcc   0x0000065e       0x28 c:/program files (x86)/atmel/avr studio 5.1/extensions/atmel/avrgcc/3.3.1.27/avrtoolchain/bin/../lib/gcc/avr/4.5.1/avr5\libgcc.a(_udivmodhi4.o)
                0x0000065e                __udivmodhi4
                0x00000686                . = ALIGN (0x2)
 *(.fini9)
 .fini9         0x00000686        0x0 c:/program files (x86)/atmel/avr studio 5.1/extensions/atmel/avrgcc/3.3.1.27/avrtoolchain/bin/../lib/gcc/avr/4.5.1/avr5\libgcc.a(_exit.o)
                0x00000686                _exit
                0x00000686                exit
 *(.fini9)
 *(.fini8)
 *(.fini8)
 *(.fini7)
 *(.fini7)
 *(.fini6)
 *(.fini6)
 *(.fini5)
 *(.fini5)
 *(.fini4)
 *(.fini4)
 *(.fini3)
 *(.fini3)
 *(.fini2)
 *(.fini2)
 *(.fini1)
 *(.fini1)
 *(.fini0)
 .fini0         0x00000686        0x4 c:/program files (x86)/atmel/avr studio 5.1/extensions/atmel/avrgcc/3.3.1.27/avrtoolchain/bin/../lib/gcc/avr/4.5.1/avr5\libgcc.a(_exit.o)
 *(.fini0)
                0x0000068a                _etext = .

.data           0x00800060       0x36 load address 0x0000068a
                0x00800060                PROVIDE (__data_start, .)
 *(.data)
 .data          0x00800060        0x0 c:/program files (x86)/atmel/avr studio 5.1/extensions/atmel/avrgcc/3.3.1.27/avrtoolchain/bin/../lib/gcc/avr/4.5.1/../../../../avr/lib/avr5/crtm16.o
 .data          0x00800060        0x0 ADC.o
 .data          0x00800060        0x0 my_lcd.o
 .data          0x00800060       0x35 temperature motor controlling.o
 .data          0x00800095        0x0 c:/program files (x86)/atmel/avr studio 5.1/extensions/atmel/avrgcc/3.3.1.27/avrtoolchain/bin/../lib/gcc/avr/4.5.1/../../../../avr/lib/avr5\libm.a(divsf3.o)
 .data          0x00800095        0x0 c:/program files (x86)/atmel/avr studio 5.1/extensions/atmel/avrgcc/3.3.1.27/avrtoolchain/bin/../lib/gcc/avr/4.5.1/../../../../avr/lib/avr5\libm.a(divsf3x.o)
 .data          0x00800095        0x0 c:/program files (x86)/atmel/avr studio 5.1/extensions/atmel/avrgcc/3.3.1.27/avrtoolchain/bin/../lib/gcc/avr/4.5.1/../../../../avr/lib/avr5\libm.a(fixunssfsi.o)
 .data          0x00800095        0x0 c:/program files (x86)/atmel/avr studio 5.1/extensions/atmel/avrgcc/3.3.1.27/avrtoolchain/bin/../lib/gcc/avr/4.5.1/../../../../avr/lib/avr5\libm.a(floatsisf.o)
 .data          0x00800095        0x0 c:/program files (x86)/atmel/avr studio 5.1/extensions/atmel/avrgcc/3.3.1.27/avrtoolchain/bin/../lib/gcc/avr/4.5.1/../../../../avr/lib/avr5\libm.a(fp_inf.o)
 .data          0x00800095        0x0 c:/program files (x86)/atmel/avr studio 5.1/extensions/atmel/avrgcc/3.3.1.27/avrtoolchain/bin/../lib/gcc/avr/4.5.1/../../../../avr/lib/avr5\libm.a(fp_nan.o)
 .data          0x00800095        0x0 c:/program files (x86)/atmel/avr studio 5.1/extensions/atmel/avrgcc/3.3.1.27/avrtoolchain/bin/../lib/gcc/avr/4.5.1/../../../../avr/lib/avr5\libm.a(fp_pscA.o)
 .data          0x00800095        0x0 c:/program files (x86)/atmel/avr studio 5.1/extensions/atmel/avrgcc/3.3.1.27/avrtoolchain/bin/../lib/gcc/avr/4.5.1/../../../../avr/lib/avr5\libm.a(fp_pscB.o)
 .data          0x00800095        0x0 c:/program files (x86)/atmel/avr studio 5.1/extensions/atmel/avrgcc/3.3.1.27/avrtoolchain/bin/../lib/gcc/avr/4.5.1/../../../../avr/lib/avr5\libm.a(fp_round.o)
 .data          0x00800095        0x0 c:/program files (x86)/atmel/avr studio 5.1/extensions/atmel/avrgcc/3.3.1.27/avrtoolchain/bin/../lib/gcc/avr/4.5.1/../../../../avr/lib/avr5\libm.a(fp_split3.o)
 .data          0x00800095        0x0 c:/program files (x86)/atmel/avr studio 5.1/extensions/atmel/avrgcc/3.3.1.27/avrtoolchain/bin/../lib/gcc/avr/4.5.1/../../../../avr/lib/avr5\libm.a(fp_zero.o)
 .data          0x00800095        0x0 c:/program files (x86)/atmel/avr studio 5.1/extensions/atmel/avrgcc/3.3.1.27/avrtoolchain/bin/../lib/gcc/avr/4.5.1/avr5\libgcc.a(_umulhisi3.o)
 .data          0x00800095        0x0 c:/program files (x86)/atmel/avr studio 5.1/extensions/atmel/avrgcc/3.3.1.27/avrtoolchain/bin/../lib/gcc/avr/4.5.1/avr5\libgcc.a(_exit.o)
 .data          0x00800095        0x0 c:/program files (x86)/atmel/avr studio 5.1/extensions/atmel/avrgcc/3.3.1.27/avrtoolchain/bin/../lib/gcc/avr/4.5.1/avr5\libgcc.a(_copy_data.o)
 .data          0x00800095        0x0 c:/program files (x86)/atmel/avr studio 5.1/extensions/atmel/avrgcc/3.3.1.27/avrtoolchain/bin/../lib/gcc/avr/4.5.1/../../../../avr/lib/avr5\libc.a(itoa.o)
 .data          0x00800095        0x0 c:/program files (x86)/atmel/avr studio 5.1/extensions/atmel/avrgcc/3.3.1.27/avrtoolchain/bin/../lib/gcc/avr/4.5.1/../../../../avr/lib/avr5\libc.a(strrev.o)
 .data          0x00800095        0x0 c:/program files (x86)/atmel/avr studio 5.1/extensions/atmel/avrgcc/3.3.1.27/avrtoolchain/bin/../lib/gcc/avr/4.5.1/avr5\libgcc.a(_udivmodhi4.o)
 *(.data*)
 *(.rodata)
 *(.rodata*)
 *(.gnu.linkonce.d*)
                0x00800096                . = ALIGN (0x2)
 *fill*         0x00800095        0x1 00
                0x00800096                _edata = .
                0x00800096                PROVIDE (__data_end, .)

.bss            0x00800096        0x0
                0x00800096                PROVIDE (__bss_start, .)
 *(.bss)
 .bss           0x00800096        0x0 c:/program files (x86)/atmel/avr studio 5.1/extensions/atmel/avrgcc/3.3.1.27/avrtoolchain/bin/../lib/gcc/avr/4.5.1/../../../../avr/lib/avr5/crtm16.o
 .bss           0x00800096        0x0 ADC.o
 .bss           0x00800096        0x0 my_lcd.o
 .bss           0x00800096        0x0 temperature motor controlling.o
 .bss           0x00800096        0x0 c:/program files (x86)/atmel/avr studio 5.1/extensions/atmel/avrgcc/3.3.1.27/avrtoolchain/bin/../lib/gcc/avr/4.5.1/../../../../avr/lib/avr5\libm.a(divsf3.o)
 .bss           0x00800096        0x0 c:/program files (x86)/atmel/avr studio 5.1/extensions/atmel/avrgcc/3.3.1.27/avrtoolchain/bin/../lib/gcc/avr/4.5.1/../../../../avr/lib/avr5\libm.a(divsf3x.o)
 .bss           0x00800096        0x0 c:/program files (x86)/atmel/avr studio 5.1/extensions/atmel/avrgcc/3.3.1.27/avrtoolchain/bin/../lib/gcc/avr/4.5.1/../../../../avr/lib/avr5\libm.a(fixunssfsi.o)
 .bss           0x00800096        0x0 c:/program files (x86)/atmel/avr studio 5.1/extensions/atmel/avrgcc/3.3.1.27/avrtoolchain/bin/../lib/gcc/avr/4.5.1/../../../../avr/lib/avr5\libm.a(floatsisf.o)
 .bss           0x00800096        0x0 c:/program files (x86)/atmel/avr studio 5.1/extensions/atmel/avrgcc/3.3.1.27/avrtoolchain/bin/../lib/gcc/avr/4.5.1/../../../../avr/lib/avr5\libm.a(fp_inf.o)
 .bss           0x00800096        0x0 c:/program files (x86)/atmel/avr studio 5.1/extensions/atmel/avrgcc/3.3.1.27/avrtoolchain/bin/../lib/gcc/avr/4.5.1/../../../../avr/lib/avr5\libm.a(fp_nan.o)
 .bss           0x00800096        0x0 c:/program files (x86)/atmel/avr studio 5.1/extensions/atmel/avrgcc/3.3.1.27/avrtoolchain/bin/../lib/gcc/avr/4.5.1/../../../../avr/lib/avr5\libm.a(fp_pscA.o)
 .bss           0x00800096        0x0 c:/program files (x86)/atmel/avr studio 5.1/extensions/atmel/avrgcc/3.3.1.27/avrtoolchain/bin/../lib/gcc/avr/4.5.1/../../../../avr/lib/avr5\libm.a(fp_pscB.o)
 .bss           0x00800096        0x0 c:/program files (x86)/atmel/avr studio 5.1/extensions/atmel/avrgcc/3.3.1.27/avrtoolchain/bin/../lib/gcc/avr/4.5.1/../../../../avr/lib/avr5\libm.a(fp_round.o)
 .bss           0x00800096        0x0 c:/program files (x86)/atmel/avr studio 5.1/extensions/atmel/avrgcc/3.3.1.27/avrtoolchain/bin/../lib/gcc/avr/4.5.1/../../../../avr/lib/avr5\libm.a(fp_split3.o)
 .bss           0x00800096        0x0 c:/program files (x86)/atmel/avr studio 5.1/extensions/atmel/avrgcc/3.3.1.27/avrtoolchain/bin/../lib/gcc/avr/4.5.1/../../../../avr/lib/avr5\libm.a(fp_zero.o)
 .bss           0x00800096        0x0 c:/program files (x86)/atmel/avr studio 5.1/extensions/atmel/avrgcc/3.3.1.27/avrtoolchain/bin/../lib/gcc/avr/4.5.1/avr5\libgcc.a(_umulhisi3.o)
 .bss           0x00800096        0x0 c:/program files (x86)/atmel/avr studio 5.1/extensions/atmel/avrgcc/3.3.1.27/avrtoolchain/bin/../lib/gcc/avr/4.5.1/avr5\libgcc.a(_exit.o)
 .bss           0x00800096        0x0 c:/program files (x86)/atmel/avr studio 5.1/extensions/atmel/avrgcc/3.3.1.27/avrtoolchain/bin/../lib/gcc/avr/4.5.1/avr5\libgcc.a(_copy_data.o)
 .bss           0x00800096        0x0 c:/program files (x86)/atmel/avr studio 5.1/extensions/atmel/avrgcc/3.3.1.27/avrtoolchain/bin/../lib/gcc/avr/4.5.1/../../../../avr/lib/avr5\libc.a(itoa.o)
 .bss           0x00800096        0x0 c:/program files (x86)/atmel/avr studio 5.1/extensions/atmel/avrgcc/3.3.1.27/avrtoolchain/bin/../lib/gcc/avr/4.5.1/../../../../avr/lib/avr5\libc.a(strrev.o)
 .bss           0x00800096        0x0 c:/program files (x86)/atmel/avr studio 5.1/extensions/atmel/avrgcc/3.3.1.27/avrtoolchain/bin/../lib/gcc/avr/4.5.1/avr5\libgcc.a(_udivmodhi4.o)
 *(.bss*)
 *(COMMON)
                0x00800096                PROVIDE (__bss_end, .)
                0x0000068a                __data_load_start = LOADADDR (.data)
                0x000006c0                __data_load_end = (__data_load_start + SIZEOF (.data))

.noinit         0x00800096        0x0
                0x00800096                PROVIDE (__noinit_start, .)
 *(.noinit*)
                0x00800096                PROVIDE (__noinit_end, .)
                0x00800096                _end = .
                0x00800096                PROVIDE (__heap_start, .)

.eeprom         0x00810000        0x0
 *(.eeprom*)
                0x00810000                __eeprom_end = .

.fuse
 *(.fuse)
 *(.lfuse)
 *(.hfuse)
 *(.efuse)

.lock
 *(.lock*)

.signature
 *(.signature*)

.stab           0x00000000     0x1938
 *(.stab)
 .stab          0x00000000      0x6cc c:/program files (x86)/atmel/avr studio 5.1/extensions/atmel/avrgcc/3.3.1.27/avrtoolchain/bin/../lib/gcc/avr/4.5.1/../../../../avr/lib/avr5/crtm16.o
 .stab          0x000006cc       0x48 c:/program files (x86)/atmel/avr studio 5.1/extensions/atmel/avrgcc/3.3.1.27/avrtoolchain/bin/../lib/gcc/avr/4.5.1/../../../../avr/lib/avr5\libm.a(divsf3.o)
                                 0x54 (size before relaxing)
 .stab          0x00000714      0x510 c:/program files (x86)/atmel/avr studio 5.1/extensions/atmel/avrgcc/3.3.1.27/avrtoolchain/bin/../lib/gcc/avr/4.5.1/../../../../avr/lib/avr5\libm.a(divsf3x.o)
                                0x51c (size before relaxing)
 .stab          0x00000c24      0x240 c:/program files (x86)/atmel/avr studio 5.1/extensions/atmel/avrgcc/3.3.1.27/avrtoolchain/bin/../lib/gcc/avr/4.5.1/../../../../avr/lib/avr5\libm.a(fixunssfsi.o)
                                0x24c (size before relaxing)
 .stab          0x00000e64      0x318 c:/program files (x86)/atmel/avr studio 5.1/extensions/atmel/avrgcc/3.3.1.27/avrtoolchain/bin/../lib/gcc/avr/4.5.1/../../../../avr/lib/avr5\libm.a(floatsisf.o)
                                0x324 (size before relaxing)
 .stab          0x0000117c       0x78 c:/program files (x86)/atmel/avr studio 5.1/extensions/atmel/avrgcc/3.3.1.27/avrtoolchain/bin/../lib/gcc/avr/4.5.1/../../../../avr/lib/avr5\libm.a(fp_inf.o)
                                 0x84 (size before relaxing)
 .stab          0x000011f4       0x54 c:/program files (x86)/atmel/avr studio 5.1/extensions/atmel/avrgcc/3.3.1.27/avrtoolchain/bin/../lib/gcc/avr/4.5.1/../../../../avr/lib/avr5\libm.a(fp_nan.o)
                                 0x60 (size before relaxing)
 .stab          0x00001248       0x84 c:/program files (x86)/atmel/avr studio 5.1/extensions/atmel/avrgcc/3.3.1.27/avrtoolchain/bin/../lib/gcc/avr/4.5.1/../../../../avr/lib/avr5\libm.a(fp_pscA.o)
                                 0x90 (size before relaxing)
 .stab          0x000012cc       0x84 c:/program files (x86)/atmel/avr studio 5.1/extensions/atmel/avrgcc/3.3.1.27/avrtoolchain/bin/../lib/gcc/avr/4.5.1/../../../../avr/lib/avr5\libm.a(fp_pscB.o)
                                 0x90 (size before relaxing)
 .stab          0x00001350       0xfc c:/program files (x86)/atmel/avr studio 5.1/extensions/atmel/avrgcc/3.3.1.27/avrtoolchain/bin/../lib/gcc/avr/4.5.1/../../../../avr/lib/avr5\libm.a(fp_round.o)
                                0x108 (size before relaxing)
 .stab          0x0000144c      0x1d4 c:/program files (x86)/atmel/avr studio 5.1/extensions/atmel/avrgcc/3.3.1.27/avrtoolchain/bin/../lib/gcc/avr/4.5.1/../../../../avr/lib/avr5\libm.a(fp_split3.o)
                                0x1e0 (size before relaxing)
 .stab          0x00001620       0x90 c:/program files (x86)/atmel/avr studio 5.1/extensions/atmel/avrgcc/3.3.1.27/avrtoolchain/bin/../lib/gcc/avr/4.5.1/../../../../avr/lib/avr5\libm.a(fp_zero.o)
                                 0x9c (size before relaxing)
 .stab          0x000016b0      0x1b0 c:/program files (x86)/atmel/avr studio 5.1/extensions/atmel/avrgcc/3.3.1.27/avrtoolchain/bin/../lib/gcc/avr/4.5.1/../../../../avr/lib/avr5\libc.a(itoa.o)
                                0x1bc (size before relaxing)
 .stab          0x00001860       0xd8 c:/program files (x86)/atmel/avr studio 5.1/extensions/atmel/avrgcc/3.3.1.27/avrtoolchain/bin/../lib/gcc/avr/4.5.1/../../../../avr/lib/avr5\libc.a(strrev.o)
                                 0xe4 (size before relaxing)

.stabstr        0x00000000      0x622
 *(.stabstr)
 .stabstr       0x00000000      0x622 c:/program files (x86)/atmel/avr studio 5.1/extensions/atmel/avrgcc/3.3.1.27/avrtoolchain/bin/../lib/gcc/avr/4.5.1/../../../../avr/lib/avr5/crtm16.o

.stab.excl
 *(.stab.excl)

.stab.exclstr
 *(.stab.exclstr)

.stab.index
 *(.stab.index)

.stab.indexstr
 *(.stab.indexstr)

.comment
 *(.comment)

.debug
 *(.debug)

.line
 *(.line)

.debug_srcinfo
 *(.debug_srcinfo)

.debug_sfnames
 *(.debug_sfnames)

.debug_aranges  0x00000000       0x60
 *(.debug_aranges)
 .debug_aranges
                0x00000000       0x20 ADC.o
 .debug_aranges
                0x00000020       0x20 my_lcd.o
 .debug_aranges
                0x00000040       0x20 temperature motor controlling.o

.debug_pubnames
                0x00000000      0x135
 *(.debug_pubnames)
 .debug_pubnames
                0x00000000       0x33 ADC.o
 .debug_pubnames
                0x00000033       0xda my_lcd.o
 .debug_pubnames
                0x0000010d       0x28 temperature motor controlling.o

.debug_info     0x00000000      0x7a7
 *(.debug_info)
 .debug_info    0x00000000       0xd6 ADC.o
 .debug_info    0x000000d6      0x4ec my_lcd.o
 .debug_info    0x000005c2      0x1e5 temperature motor controlling.o
 *(.gnu.linkonce.wi.*)

.debug_abbrev   0x00000000      0x349
 *(.debug_abbrev)
 .debug_abbrev  0x00000000       0x72 ADC.o
 .debug_abbrev  0x00000072      0x19c my_lcd.o
 .debug_abbrev  0x0000020e      0x13b temperature motor controlling.o

.debug_line     0x00000000      0x88b
 *(.debug_line)
 .debug_line    0x00000000      0x157 ADC.o
 .debug_line    0x00000157      0x3d2 my_lcd.o
 .debug_line    0x00000529      0x362 temperature motor controlling.o

.debug_frame    0x00000000      0x100
 *(.debug_frame)
 .debug_frame   0x00000000       0x30 ADC.o
 .debug_frame   0x00000030       0xa0 my_lcd.o
 .debug_frame   0x000000d0       0x30 temperature motor controlling.o

.debug_str      0x00000000      0x28b
 *(.debug_str)
 .debug_str     0x00000000      0x127 ADC.o
                                0x15b (size before relaxing)
 .debug_str     0x00000127      0x126 my_lcd.o
                                0x26b (size before relaxing)
 .debug_str     0x0000024d       0x3e temperature motor controlling.o
                                0x1c2 (size before relaxing)

.debug_loc      0x00000000      0x1ca
 *(.debug_loc)
 .debug_loc     0x00000000       0x13 ADC.o
 .debug_loc     0x00000013      0x189 my_lcd.o
 .debug_loc     0x0000019c       0x2e temperature motor controlling.o

.debug_macinfo
 *(.debug_macinfo)
OUTPUT(temperature motor controlling.elf elf32-avr)
LOAD linker stubs

.debug_pubtypes
                0x00000000       0xc8
 .debug_pubtypes
                0x00000000       0x42 ADC.o
 .debug_pubtypes
                0x00000042       0x43 my_lcd.o
 .debug_pubtypes
                0x00000085       0x43 temperature motor controlling.o
